2024-04-21 20:03:49,901 asyncio [DEBUG] Using selector: EpollSelector
2024-04-21 20:03:50,191 __main__ [INFO] 192.168.13.58 (slave: unknown, mode: any): Connecting...
2024-04-21 20:03:50,193 custom_components.sungrow.core.inverter [DEBUG] Trying to connect to modbus(192.168.13.58:502, slave: unknown)...
2024-04-21 20:03:50,193 custom_components.sungrow.core.modbus_py [DEBUG] Connecting to 192.168.13.58:502
2024-04-21 20:03:50,738 custom_components.sungrow.core.modbus_base [DEBUG] Setting slave to 1
2024-04-21 20:03:50,738 custom_components.sungrow.core.inverter [DEBUG] Querying initial signals: ['serial_number', 'device_type_code', 'output_type', 'total_pv_generation', 'total_battery_discharge_energy', 'total_imported_energy', 'total_battery_charge_energy', 'total_exported_energy', 'master_slave_mode', 'master_slave_role', 'slave_count']
2024-04-21 20:03:50,739 custom_components.sungrow.core.modbus_base [DEBUG] read_raw(11 signals) in 3 ranges
2024-04-21 20:03:50,739 custom_components.sungrow.core.modbus_base [DEBUG] * read 4990 - 5003
2024-04-21 20:03:50,740 custom_components.sungrow.core.modbus_base [DEBUG] * read 13003 - 13048
2024-04-21 20:03:50,740 custom_components.sungrow.core.modbus_base [DEBUG] * hold 33500 - 33503
2024-04-21 20:03:50,740 custom_components.sungrow.core.modbus_py [DEBUG] _read_range(register_range=Range(READ, 4990-5002), recursion=False)
2024-04-21 20:03:52,201 custom_components.sungrow.core.modbus_py [DEBUG] _read_range(register_range=Range(READ, 13003-13047), recursion=False)
2024-04-21 20:03:54,206 custom_components.sungrow.core.modbus_py [DEBUG] _read_range(register_range=Range(HOLD, 33500-33502), recursion=False)
2024-04-21 20:03:56,517 custom_components.sungrow.core.inverter [DEBUG] Inverter: Pulled 11 signals in 5.779058 secs
2024-04-21 20:03:56,518 custom_components.sungrow.core.inverter [DEBUG] Initial data queried: {'serial_number': 'A2350415770', 'device_type_code': 'SH8.0RT-20', 'output_type': '3P4L', 'total_pv_generation': 1119.0, 'total_battery_discharge_energy': 799.1, 'total_imported_energy': 1924.2, 'total_battery_charge_energy': 881.8, 'total_exported_energy': 620.4, 'master_slave_mode': 'Enabled', 'master_slave_role': 'Master', 'slave_count': 2}
2024-04-21 20:03:56,519 custom_components.sungrow.core.inverter [DEBUG] Initial data: {'serial_number': 'A2350415770', 'device_type_code': 'SH8.0RT-20', 'output_type': '3P4L', 'total_pv_generation': 1119.0, 'total_battery_discharge_energy': 799.1, 'total_imported_energy': 1924.2, 'total_battery_charge_energy': 881.8, 'total_exported_energy': 620.4, 'master_slave_mode': 'Enabled', 'master_slave_role': 'Master', 'slave_count': 2}
2024-04-21 20:03:56,519 custom_components.sungrow.core.inverter [DEBUG] Connected to inverter SH8.0RT-20 / A2350415770
2024-04-21 20:03:56,519 custom_components.sungrow.core.inverter [DEBUG] Enabled signals (initial): serial_number,device_type_code,output_type,daily_output_energy_pv_and_battery,mppt_1_voltage,mppt_1_current,mppt_2_voltage,mppt_2_current,mppt_3_voltage,mppt_3_current,total_dc_power,total_active_power,work_state_1,daily_export_energy,total_export_energy,daily_import_energy,total_import_energy,daily_direct_energy_consumption,total_direct_energy_consumption,mppt_4_voltage,mppt_4_current,mppt_5_voltage,mppt_5_current,monthly_power_yields,total_power_yields,meter_active_power,meter_active_power_phase_a,meter_active_power_phase_b,meter_active_power_phase_c,battery_capacity_high_precision,daily_pv_generation,total_pv_generation,daily_pv_export,load_power_hybrid,export_power_hybrid,daily_battery_charge_from_pv,total_battery_charge_from_pv,daily_direct_energy_consumption_,battery_power,battery_level,daily_battery_discharge_energy,total_battery_discharge_energy,self_consumption_of_day,grid_state,daily_imported_energy,total_imported_energy,battery_capacity,daily_battery_charge_energy,total_battery_charge_energy,daily_exported_energy,total_exported_energy,battery_capacity_2,master_slave_mode,master_slave_role,slave_count
2024-04-21 20:03:56,526 custom_components.sungrow.core.inverter [DEBUG] Enabled signals (filtered for SH8.0RT-20): serial_number,device_type_code,output_type,daily_output_energy_pv_and_battery,mppt_1_voltage,mppt_1_current,mppt_2_voltage,mppt_2_current,total_dc_power,total_active_power,meter_active_power,meter_active_power_phase_a,meter_active_power_phase_b,meter_active_power_phase_c,battery_capacity_high_precision,daily_pv_generation,total_pv_generation,daily_pv_export,load_power_hybrid,export_power_hybrid,daily_battery_charge_from_pv,total_battery_charge_from_pv,daily_direct_energy_consumption_,battery_power,battery_level,daily_battery_discharge_energy,total_battery_discharge_energy,self_consumption_of_day,daily_imported_energy,total_imported_energy,battery_capacity,daily_battery_charge_energy,total_battery_charge_energy,daily_exported_energy,total_exported_energy,master_slave_mode,master_slave_role,slave_count
2024-04-21 20:03:56,526 custom_components.sungrow.core.inverter [DEBUG] Checking if meter is connected...
2024-04-21 20:03:56,526 custom_components.sungrow.core.modbus_base [DEBUG] read_raw(['meter_active_power'])
2024-04-21 20:03:56,526 custom_components.sungrow.core.modbus_py [DEBUG] _read_range(register_range=Range(READ, 5601-5602), recursion=False)
2024-04-21 20:03:58,209 custom_components.sungrow.core.inverter [DEBUG] Inverter: pulled single signal in 1.683321 secs
2024-04-21 20:03:58,210 custom_components.sungrow.core.inverter [DEBUG] Meter is connected
2024-04-21 20:03:58,210 custom_components.sungrow.core.inverter [DEBUG] Enabled signals (meter filtered): serial_number,device_type_code,output_type,daily_output_energy_pv_and_battery,mppt_1_voltage,mppt_1_current,mppt_2_voltage,mppt_2_current,total_dc_power,total_active_power,meter_active_power,meter_active_power_phase_a,meter_active_power_phase_b,meter_active_power_phase_c,battery_capacity_high_precision,daily_pv_generation,total_pv_generation,daily_pv_export,load_power_hybrid,export_power_hybrid,daily_battery_charge_from_pv,total_battery_charge_from_pv,daily_direct_energy_consumption_,battery_power,battery_level,daily_battery_discharge_energy,total_battery_discharge_energy,self_consumption_of_day,daily_imported_energy,total_imported_energy,battery_capacity,daily_battery_charge_energy,total_battery_charge_energy,daily_exported_energy,total_exported_energy,master_slave_mode,master_slave_role,slave_count
2024-04-21 20:03:58,210 custom_components.sungrow.core.modbus_base [DEBUG] read_raw(['array_insulation_resistance'])
2024-04-21 20:03:58,210 custom_components.sungrow.core.modbus_py [DEBUG] _read_range(register_range=Range(READ, 5071-5071), recursion=False)
2024-04-21 20:04:00,210 custom_components.sungrow.core.modbus_base [DEBUG] Unuspported Register: array_insulation_resistance (Range(READ, 5071-5071))
2024-04-21 20:04:00,210 custom_components.sungrow.core.inverter [DEBUG] Inverter: pulled single signal in 2.390 secs
2024-04-21 20:04:00,211 custom_components.sungrow.core.inverter [DEBUG] Inverter: array_insulation_resistance not supported
2024-04-21 20:04:00,211 custom_components.sungrow.core.inverter [DEBUG] array_insulation_resistance is NOT supported -> WiNet dongle
2024-04-21 20:04:00,211 custom_components.sungrow.core.inverter [DEBUG] WiNet dongle detected; Disabling all unsupported signals
2024-04-21 20:04:00,211 custom_components.sungrow.core.inverter [DEBUG] Enabled signals (WiNet filtered): serial_number,device_type_code,output_type,daily_output_energy_pv_and_battery,mppt_1_voltage,mppt_1_current,mppt_2_voltage,mppt_2_current,total_dc_power,meter_active_power,meter_active_power_phase_a,meter_active_power_phase_b,meter_active_power_phase_c,daily_pv_generation,total_pv_generation,daily_pv_export,load_power_hybrid,export_power_hybrid,daily_battery_charge_from_pv,total_battery_charge_from_pv,daily_direct_energy_consumption_,battery_power,battery_level,daily_battery_discharge_energy,total_battery_discharge_energy,self_consumption_of_day,daily_imported_energy,total_imported_energy,battery_capacity,daily_battery_charge_energy,total_battery_charge_energy,daily_exported_energy,total_exported_energy,master_slave_mode,master_slave_role,slave_count
2024-04-21 20:04:00,212 custom_components.sungrow.core.modbus_base [DEBUG] read_raw(12 signals) in 2 ranges
2024-04-21 20:04:00,212 custom_components.sungrow.core.modbus_base [DEBUG] * read 5013 - 5015
2024-04-21 20:04:00,212 custom_components.sungrow.core.modbus_base [DEBUG] * read 13005 - 13046
2024-04-21 20:04:00,212 custom_components.sungrow.core.modbus_py [DEBUG] _read_range(register_range=Range(READ, 5013-5014), recursion=False)
2024-04-21 20:04:02,213 custom_components.sungrow.core.modbus_py [DEBUG] _read_range(register_range=Range(READ, 13005-13045), recursion=False)
2024-04-21 20:04:04,218 custom_components.sungrow.core.inverter [DEBUG] Inverter: Pulled 12 signals in 4.6801 secs
2024-04-21 20:04:04,219 custom_components.sungrow.core.signals [DEBUG] Group is_master: Signal daily_pv_export is not zero: 24.8
2024-04-21 20:04:04,219 custom_components.sungrow.core.signals [DEBUG] Group is_master: Signal daily_imported_energy is not zero: 8.9
2024-04-21 20:04:04,219 custom_components.sungrow.core.signals [DEBUG] Group is_master: Signal daily_exported_energy is not zero: 36.5
2024-04-21 20:04:04,220 custom_components.sungrow.core.signals [DEBUG] Group mppt2: Signal mppt_2_voltage is not zero: 95.2
2024-04-21 20:04:04,220 custom_components.sungrow.core.signals [DEBUG] Group mppt3: not supported by inverter
2024-04-21 20:04:04,220 custom_components.sungrow.core.signals [DEBUG] Group mppt4: not supported by inverter
2024-04-21 20:04:04,220 custom_components.sungrow.core.signals [DEBUG] Group mppt5: not supported by inverter
2024-04-21 20:04:04,220 custom_components.sungrow.core.signals [DEBUG] Group mppt6: not supported by inverter
2024-04-21 20:04:04,220 custom_components.sungrow.core.signals [DEBUG] Group mppt7: not supported by inverter
2024-04-21 20:04:04,220 custom_components.sungrow.core.signals [DEBUG] Group mppt8: not supported by inverter
2024-04-21 20:04:04,221 custom_components.sungrow.core.signals [DEBUG] Group mppt9: not supported by inverter
2024-04-21 20:04:04,221 custom_components.sungrow.core.signals [DEBUG] Group mppt10: not supported by inverter
2024-04-21 20:04:04,221 custom_components.sungrow.core.signals [DEBUG] Group mppt11: not supported by inverter
2024-04-21 20:04:04,221 custom_components.sungrow.core.signals [DEBUG] Group mppt12: not supported by inverter
2024-04-21 20:04:04,221 custom_components.sungrow.core.signals [DEBUG] Group has_battery: Signal daily_battery_charge_from_pv is not zero: 2.5
2024-04-21 20:04:04,221 custom_components.sungrow.core.signals [DEBUG] Group has_battery: Signal total_battery_charge_from_pv is not zero: 426.7
2024-04-21 20:04:04,221 custom_components.sungrow.core.signals [DEBUG] Group has_battery: Signal battery_power is not zero: 349
2024-04-21 20:04:04,221 custom_components.sungrow.core.signals [DEBUG] Group has_battery: Signal battery_level is not zero: 83.1
2024-04-21 20:04:04,222 custom_components.sungrow.core.signals [DEBUG] Group has_battery: Signal daily_battery_discharge_energy is not zero: 3.3
2024-04-21 20:04:04,222 custom_components.sungrow.core.signals [DEBUG] Group has_battery: Signal battery_capacity is not zero: 96.0
2024-04-21 20:04:04,222 custom_components.sungrow.core.signals [DEBUG] Group has_battery: Signal daily_battery_charge_energy is not zero: 11.1
2024-04-21 20:04:04,222 custom_components.sungrow.core.inverter [DEBUG] Enabled signals (groups filtered): serial_number,device_type_code,output_type,daily_output_energy_pv_and_battery,mppt_1_voltage,mppt_1_current,mppt_2_voltage,mppt_2_current,total_dc_power,meter_active_power,meter_active_power_phase_a,meter_active_power_phase_b,meter_active_power_phase_c,daily_pv_generation,total_pv_generation,daily_pv_export,load_power_hybrid,export_power_hybrid,daily_battery_charge_from_pv,total_battery_charge_from_pv,daily_direct_energy_consumption_,battery_power,battery_level,daily_battery_discharge_energy,total_battery_discharge_energy,self_consumption_of_day,daily_imported_energy,total_imported_energy,battery_capacity,daily_battery_charge_energy,total_battery_charge_energy,daily_exported_energy,total_exported_energy,master_slave_mode,master_slave_role,slave_count
2024-04-21 20:04:04,222 custom_components.sungrow.core.modbus_base [DEBUG] __aenter__(192.168.13.58, 502, 1)
2024-04-21 20:04:04,222 __main__ [INFO] 192.168.13.58 (slave: 1, mode: modbus WiNet): Connected via modbus WiNet
2024-04-21 20:04:04,223 custom_components.sungrow.core.modbus_base [DEBUG] read_raw(36 signals) in 4 ranges
2024-04-21 20:04:04,223 custom_components.sungrow.core.modbus_base [DEBUG] * read 4990 - 5019
2024-04-21 20:04:04,223 custom_components.sungrow.core.modbus_base [DEBUG] * read 5601 - 5609
2024-04-21 20:04:04,224 custom_components.sungrow.core.modbus_base [DEBUG] * read 13002 - 13048
2024-04-21 20:04:04,224 custom_components.sungrow.core.modbus_base [DEBUG] * hold 33500 - 33503
2024-04-21 20:04:04,224 custom_components.sungrow.core.modbus_py [DEBUG] _read_range(register_range=Range(READ, 4990-5018), recursion=False)
2024-04-21 20:04:06,219 custom_components.sungrow.core.modbus_py [DEBUG] _read_range(register_range=Range(READ, 5601-5608), recursion=False)
2024-04-21 20:04:08,223 custom_components.sungrow.core.modbus_py [DEBUG] _read_range(register_range=Range(READ, 13002-13047), recursion=False)
2024-04-21 20:04:10,225 custom_components.sungrow.core.modbus_py [DEBUG] _read_range(register_range=Range(HOLD, 33500-33502), recursion=False)
2024-04-21 20:04:12,290 __main__ [INFO] 192.168.13.58 (slave: 1, mode: modbus WiNet): retrieved registers: 83 READ + 3 HOLD
2024-04-21 20:04:12,290 __main__ [INFO] 192.168.13.58 (slave: 1, mode: modbus WiNet): stats: ModbusConnectionBase.Stats(connections=1, read_calls_success=10, read_calls_failed=1, retrieved_signals_success=60, retrieved_signals_failed=1)
2024-04-21 20:04:12,290 custom_components.sungrow.core.modbus_base [DEBUG] __aexit__(192.168.13.58, 502, 1)
2024-04-21 20:04:12,290 custom_components.sungrow.core.modbus_py [DEBUG] Disconnecting from 192.168.13.58:502
2024-04-21 20:04:14,224 custom_components.sungrow.core.modbus_py [DEBUG] Disconnected from 192.168.13.58:502
